
ERROR: JAVA_HOME is set to an invalid directory: C:\Program Files\Android\Android Studio\jbr

